<html>
    <head>
        <title>CSS In The Head</title>
        <style>
h1{
	color:#ff0000;
	align:center;
}

img {
	border:1px solid red;
}
</style>
        
    </head>
    <body>
        <h1>Grunt CSS in the Head Plugin </h1>
        
        <script src="js/app.js" ></script> 
        <script src="js/common.js" ></script> 
    </body>
</html>